SDK testnet addresses: {
  binaryModule: '0x3ecC694Cef705358864a646142ac17A90E29e388',
  binaryPoolImpl: '0x82A1FcdaA2daC2fC7D5f9909D43E68021eE966FD',
  binarySettlement: '0xbF4a49e0Dfd092e5FBE8E5761064C49533e6Ed23',
  clobFactory: '0xb2BE8EE02F96379DB75f01802384593EBa9bfF04',
  collateral: '0x70a86D8842FB63C4Ad2b7cdddF530eBf1BB25d8E',
  collateralRouter: '0xbC0C9834B15ACE38bB50dDaa7d7f7C7CC4DC183C',
  marketCreator: '0x138CfA6b80475b8c03d7E468b2442278E51e645a',
  marketCreatorFactory: '0xE6bEE93cE87c9E6e62aCb621caa7832EE47b4F6B',
  marketsCore: '0x2802504314685D89bF6C992CA5a8e7cC78bc0294',
  oracleHub: '0xe40db387cC98601Dd11bd634fF2f3AD5686dE32b',
  testUsdc: '0x70a86D8842FB63C4Ad2b7cdddF530eBf1BB25d8E',
  lend: {
    pool: '0x7Cb9df1bc191B16BeFF9fdEC2cd1ef91Cac18176',
    poolAddressesProvider: '0xEbf503eD254014C152965C52006A34f7Ab3d28f1',
    uiPoolDataProvider: '0xfAb035cAFe664497a9476d3b11904e284Df758c6',
    wrappedTokenGateway: '0x29edCCDB3aE8CDF0ea6077cd3E682BfA6dD53f19'
  }
}
SDK mainnet addresses: {
  binaryModule: '0x3ecC694Cef705358864a646142ac17A90E29e388',
  binaryPoolImpl: '0x82A1FcdaA2daC2fC7D5f9909D43E68021eE966FD',
  binarySettlement: '0xbF4a49e0Dfd092e5FBE8E5761064C49533e6Ed23',
  clobFactory: '0xb2BE8EE02F96379DB75f01802384593EBa9bfF04',
  collateral: '0x00000022dA000002656c64D9eA6011ea952D008A',
  collateralRouter: '0xbC0C9834B15ACE38bB50dDaa7d7f7C7CC4DC183C',
  marketCreator: '0xfe81C4e8EfFb7df27Eb21881f80AF2BF8DCF0c39',
  marketCreatorFactory: '0xE6bEE93cE87c9E6e62aCb621caa7832EE47b4F6B',
  marketsCore: '0x2802504314685D89bF6C992CA5a8e7cC78bc0294',
  oracleHub: '0xe40db387cC98601Dd11bd634fF2f3AD5686dE32b',
  testUsdc: '0x00000022dA000002656c64D9eA6011ea952D008A',
  lend: {
    pool: '0xEC6758e6324c167DB39B6908036240460a2b0168',
    poolAddressesProvider: '0x1C13Fea2A9a3Ae9962f12B6afAC1AFcd8205f752',
    uiPoolDataProvider: '0x5ef828E2C7C55eea505dA3310b0831eD01189e3E',
    wrappedTokenGateway: '0xc97d0602b501B5123a0558dDFEb2A28fD6C78dB9'
  }
}

[testnet] https://dream-rpc.somnia.network chainId=50312 (expect 50312) block=478861335 gasPrice=6 gwei
  binaryModule                 0x3ecC694Cef705358864a646142ac17A90E29e388 code=130B 
  binaryPoolImpl               0x82A1FcdaA2daC2fC7D5f9909D43E68021eE966FD code=37936B selectors:decimals()
  binarySettlement             0xbF4a49e0Dfd092e5FBE8E5761064C49533e6Ed23 code=130B 
  clobFactory                  0xb2BE8EE02F96379DB75f01802384593EBa9bfF04 code=4769B selectors:decimals()
  collateral                   0x70a86D8842FB63C4Ad2b7cdddF530eBf1BB25d8E code=1965B selectors:faucet(uint256),decimals()
  collateralRouter             0xbC0C9834B15ACE38bB50dDaa7d7f7C7CC4DC183C code=3562B 
  marketCreator                0x138CfA6b80475b8c03d7E468b2442278E51e645a code=13904B 
  marketCreatorFactory         0xE6bEE93cE87c9E6e62aCb621caa7832EE47b4F6B code=16727B 
  marketsCore                  0x2802504314685D89bF6C992CA5a8e7cC78bc0294 code=130B 
  oracleHub                    0xe40db387cC98601Dd11bd634fF2f3AD5686dE32b code=130B 
  testUsdc                     0x70a86D8842FB63C4Ad2b7cdddF530eBf1BB25d8E code=1965B selectors:faucet(uint256),decimals()

[testnet-infra] https://api.infra.testnet.somnia.network chainId=50312 (expect 50312) block=478861403 gasPrice=6 gwei
  binaryModule                 0x3ecC694Cef705358864a646142ac17A90E29e388 code=130B 
  binaryPoolImpl               0x82A1FcdaA2daC2fC7D5f9909D43E68021eE966FD code=37936B selectors:decimals()
  binarySettlement             0xbF4a49e0Dfd092e5FBE8E5761064C49533e6Ed23 code=130B 
  clobFactory                  0xb2BE8EE02F96379DB75f01802384593EBa9bfF04 code=4769B selectors:decimals()
  collateral                   0x70a86D8842FB63C4Ad2b7cdddF530eBf1BB25d8E code=1965B selectors:faucet(uint256),decimals()
  collateralRouter             0xbC0C9834B15ACE38bB50dDaa7d7f7C7CC4DC183C code=3562B 
  marketCreator                0x138CfA6b80475b8c03d7E468b2442278E51e645a code=13904B 
  marketCreatorFactory         0xE6bEE93cE87c9E6e62aCb621caa7832EE47b4F6B code=16727B 
  marketsCore                  0x2802504314685D89bF6C992CA5a8e7cC78bc0294 code=130B 
  oracleHub                    0xe40db387cC98601Dd11bd634fF2f3AD5686dE32b code=130B 
  testUsdc                     0x70a86D8842FB63C4Ad2b7cdddF530eBf1BB25d8E code=1965B selectors:faucet(uint256),decimals()

[mainnet] https://api.infra.mainnet.somnia.network chainId=5031 (expect 5031) block=403067661 gasPrice=6 gwei
  binaryModule                 0x3ecC694Cef705358864a646142ac17A90E29e388 code=130B 
  binaryPoolImpl               0x82A1FcdaA2daC2fC7D5f9909D43E68021eE966FD code=37936B selectors:decimals()
  binarySettlement             0xbF4a49e0Dfd092e5FBE8E5761064C49533e6Ed23 code=130B 
  clobFactory                  0xb2BE8EE02F96379DB75f01802384593EBa9bfF04 code=4769B selectors:decimals()
  collateral                   0x00000022dA000002656c64D9eA6011ea952D008A code=1458B 
  collateralRouter             0xbC0C9834B15ACE38bB50dDaa7d7f7C7CC4DC183C code=3562B 
  marketCreator                0xfe81C4e8EfFb7df27Eb21881f80AF2BF8DCF0c39 code=13616B 
  marketCreatorFactory         0xE6bEE93cE87c9E6e62aCb621caa7832EE47b4F6B code=16727B 
  marketsCore                  0x2802504314685D89bF6C992CA5a8e7cC78bc0294 code=130B 
  oracleHub                    0xe40db387cC98601Dd11bd634fF2f3AD5686dE32b code=130B 
  testUsdc                     0x00000022dA000002656c64D9eA6011ea952D008A code=1458B 
